// Jest Snapshot v1, https://goo.gl/fbAQLP

exports[`makeSelectArticles should select the artciles state 1`] = `Array []`;

exports[`makeSelectError should select the error state 1`] = `undefined`;

exports[`makeSelectLoading should select the loading state 1`] = `false`;

exports[`makeSelectOffset should select the offset state 1`] = `0`;

exports[`makeSelectSort should select the offset state 1`] = `"new"`;

exports[`makeSelectTags should select the tags state 1`] = `Array []`;

exports[`selectHomePageDomain should select the home page state 1`] = `
Object {
  "articles": Array [],
  "error": undefined,
  "loading": false,
  "offset": 0,
  "sort": "new",
  "tags": Array [],
}
`;
