// Jest Snapshot v1, https://goo.gl/fbAQLP

exports[`makeSelectArticles should select the articles state 1`] = `Immutable.List []`;

exports[`makeSelectError should select the error state 1`] = `false`;

exports[`makeSelectLoading should select the loading state 1`] = `false`;

exports[`makeSelectOffset should select the offset state 1`] = `0`;

exports[`makeSelectSearch should select the search state 1`] = `""`;

exports[`selectSearchPageDomain should select the search page state 1`] = `
Immutable.Map {
  "loading": false,
  "error": false,
  "articles": Immutable.List [],
  "search": "",
  "offset": 0,
}
`;
