// Jest Snapshot v1, https://goo.gl/fbAQLP

exports[`makeSelectArticle should select the article state 1`] = `false`;

exports[`makeSelectError should select the error state 1`] = `false`;

exports[`makeSelectLoading should select the loading state 1`] = `false`;

exports[`selectHomePageDomain should select the home page state 1`] = `
Immutable.Map {
  "loading": false,
  "error": false,
  "article": false,
}
`;
